{
    "body": {
        "auxScripts": null,
        "certificates": null,
        "extraKeyWits": [
            "98717eaba8105a50a2a71831267552e337dfdc893bef5e40b8676d27",
            "fafaaac8681b5050a8987f95bce4a7f99362f189879258fdbf733fa4"
        ],
        "fee": 213,
        "ins": [
            "ed7c8f68c194cc763ee65ad22ef0973e26481be058c65005fd39fb93f9c43a20#212"
        ],
        "insCollateral": [
            "c9765d7d0e3955be8920e6d7a38e1f3f2032eac48c7c59b0b9193caa87727e7e#256"
        ],
        "insReference": null,
        "metadata": null,
        "mintValue": null,
        "outs": [],
        "returnCollateral": null,
        "scriptValidity": "Valid",
        "totalCollateral": null,
        "updateProposal": {
            "epoch": 190,
            "updates": {
                "1bafa294233a5a7ffbf539ae798da0943aa83d2a19398c2d0e5af114": {
                    "collateralPercent": 200,
                    "costModels": {},
                    "maxBlockExUnits": {
                        "memory": 199,
                        "steps": 198
                    },
                    "maxCollateralInputs": 201,
                    "maxTxExUnits": {
                        "memory": 198,
                        "steps": 197
                    },
                    "maxValueSize": 199,
                    "prices": {
                        "priceMemory": {
                            "denominator": 197,
                            "numerator": 196
                        },
                        "priceSteps": {
                            "denominator": 196,
                            "numerator": 195
                        }
                    },
                    "utxoCostPerWord": 194
                }
            }
        },
        "validityRange": {
            "lowerBound": null,
            "upperBound": null
        },
        "withdrawals": null
    },
    "era": "Alonzo"
}